mawas.log.01.01.txt
mawas.log.01.02.txt
mawas.log.01.03.txt
mawas.log.01.04.txt
mawas.log.01.05.txt
mawas.log.01.06.txt
mawas.log.01.07.txt
mawas.log.01.08.txt
mawas.log.01.09.txt
mawas.log.01.10.txt
mawas.log.01.11.txt
mawas.log.01.12.txt
mawas.log.01.13.txt
mawas.log.01.14.txt
mawas.log.01.15.txt
mawas.log.01.16.txt
mawas.log.01.17.txt
mawas.log.01.18.txt
mawas.log.01.19.txt
mawas.log.01.20.txt
mawas.log.01.21.txt
mawas.log.01.22.txt
mawas.log.01.23.txt
mawas.log.01.24.txt
mawas.log.01.25.txt
mawas.log.01.26.txt
mawas.log.01.27.txt
mawas.log.01.28.txt
mawas.log.01.29.txt
mawas.log.01.30.txt
mawas.log.01.31.txt
mawas.log.02.01.txt
mawas.log.02.02.txt
mawas.log.02.03.txt
mawas.log.02.04.txt
mawas.log.02.05.txt
mawas.log.02.06.txt
mawas.log.02.07.txt
mawas.log.02.08.txt
mawas.log.02.09.txt
mawas.log.02.10.txt
mawas.log.02.11.txt
mawas.log.02.12.txt
mawas.log.02.13.txt
mawas.log.02.14.txt
mawas.log.02.15.txt
mawas.log.02.16.txt
mawas.log.02.17.txt
mawas.log.02.18.txt
mawas.log.02.19.txt
mawas.log.02.20.txt
mawas.log.02.21.txt
mawas.log.02.22.txt
mawas.log.02.23.txt
mawas.log.02.24.txt
mawas.log.02.25.txt
mawas.log.02.26.txt
mawas.log.02.27.txt
mawas.log.02.28.txt
mawas.log.02.29.txt
mawas.log.03.01.txt
mawas.log.03.02.txt
mawas.log.03.03.txt
mawas.log.03.04.txt
mawas.log.03.05.txt
mawas.log.03.06.txt
mawas.log.03.07.txt
mawas.log.03.08.txt
mawas.log.03.09.txt
mawas.log.03.10.txt
mawas.log.03.11.txt
mawas.log.03.12.txt
mawas.log.03.13.txt
mawas.log.03.14.txt
mawas.log.03.15.txt
mawas.log.03.16.txt
mawas.log.03.17.txt
mawas.log.03.18.txt
mawas.log.03.19.txt
mawas.log.03.20.txt
mawas.log.03.21.txt
mawas.log.03.22.txt
mawas.log.03.23.txt
mawas.log.03.24.txt
mawas.log.03.25.txt
mawas.log.03.26.txt
mawas.log.03.27.txt
mawas.log.03.28.txt
mawas.log.03.29.txt
mawas.log.03.30.txt
mawas.log.03.31.txt
mawas.log.04.01.txt
mawas.log.04.02.txt
mawas.log.04.03.txt
mawas.log.04.04.txt
mawas.log.04.05.txt
mawas.log.04.06.txt
mawas.log.04.07.txt
mawas.log.04.08.txt
mawas.log.04.09.txt
mawas.log.04.10.txt
mawas.log.04.11.txt
mawas.log.04.12.txt
mawas.log.04.13.txt
mawas.log.04.14.txt
mawas.log.04.15.txt
mawas.log.04.16.txt
mawas.log.04.17.txt
mawas.log.04.18.txt
mawas.log.04.19.txt
mawas.log.04.20.txt
mawas.log.04.21.txt
mawas.log.04.22.txt
mawas.log.04.23.txt
mawas.log.04.24.txt
mawas.log.04.25.txt
mawas.log.04.26.txt
mawas.log.04.27.txt
mawas.log.04.28.txt
mawas.log.04.29.txt
mawas.log.04.30.txt
mawas.log.05.01.txt
mawas.log.05.02.txt
mawas.log.05.03.txt
mawas.log.05.04.txt
mawas.log.05.05.txt
mawas.log.05.06.txt
mawas.log.05.07.txt
mawas.log.05.08.txt
mawas.log.05.09.txt
mawas.log.05.10.txt
mawas.log.05.11.txt
mawas.log.05.12.txt
mawas.log.05.13.txt
mawas.log.05.14.txt
mawas.log.05.15.txt
mawas.log.05.16.txt
mawas.log.05.17.txt
mawas.log.05.18.txt
mawas.log.05.19.txt
mawas.log.05.20.txt
mawas.log.05.21.txt
mawas.log.05.22.txt
mawas.log.05.23.txt
mawas.log.05.24.txt
mawas.log.05.25.txt
mawas.log.05.26.txt
mawas.log.05.27.txt
mawas.log.05.28.txt
mawas.log.05.29.txt
mawas.log.05.30.txt
mawas.log.05.31.txt
mawas.log.06.01.txt
mawas.log.06.02.txt
mawas.log.06.03.txt
mawas.log.06.04.txt
mawas.log.06.05.txt
mawas.log.06.06.txt
mawas.log.06.07.txt
mawas.log.06.08.txt
mawas.log.06.09.txt
mawas.log.06.10.txt
mawas.log.06.11.txt
mawas.log.06.12.txt
mawas.log.06.13.txt
mawas.log.06.14.txt
mawas.log.06.15.txt
mawas.log.06.16.txt
mawas.log.06.17.txt
mawas.log.06.18.txt
mawas.log.06.19.txt
mawas.log.06.20.txt
mawas.log.06.21.txt
mawas.log.06.22.txt
mawas.log.06.23.txt
mawas.log.06.24.txt
mawas.log.06.25.txt
mawas.log.06.26.txt
mawas.log.06.27.txt
mawas.log.06.28.txt
mawas.log.06.29.txt
mawas.log.06.30.txt
mawas.log.07.01.txt
mawas.log.07.02.txt
mawas.log.07.03.txt
mawas.log.07.04.txt
mawas.log.07.05.txt
mawas.log.07.06.txt
mawas.log.07.07.txt
mawas.log.07.08.txt
mawas.log.07.09.txt
mawas.log.07.10.txt
mawas.log.07.11.txt
mawas.log.07.12.txt
mawas.log.07.13.txt
mawas.log.07.14.txt
mawas.log.07.15.txt
mawas.log.07.16.txt
mawas.log.07.17.txt
mawas.log.07.18.txt
mawas.log.07.19.txt
mawas.log.07.20.txt
mawas.log.07.21.txt
mawas.log.07.22.txt
mawas.log.07.23.txt
mawas.log.07.24.txt
mawas.log.07.25.txt
mawas.log.07.26.txt
mawas.log.07.27.txt
mawas.log.07.28.txt
mawas.log.07.29.txt
mawas.log.07.30.txt
mawas.log.07.31.txt
mawas.log.08.01.txt
mawas.log.08.02.txt
mawas.log.08.03.txt
mawas.log.08.04.txt
mawas.log.08.05.txt
mawas.log.08.06.txt
mawas.log.08.07.txt
mawas.log.08.08.txt
mawas.log.08.09.txt
mawas.log.08.10.txt
mawas.log.08.11.txt
mawas.log.08.12.txt
mawas.log.08.13.txt
mawas.log.08.14.txt
mawas.log.08.15.txt
mawas.log.08.16.txt
mawas.log.08.17.txt
mawas.log.08.18.txt
mawas.log.08.19.txt
mawas.log.08.20.txt
mawas.log.08.21.txt
mawas.log.08.22.txt
mawas.log.08.23.txt
mawas.log.08.24.txt
mawas.log.08.25.txt
mawas.log.08.26.txt
mawas.log.08.27.txt
mawas.log.08.28.txt
mawas.log.08.29.txt
mawas.log.08.30.txt
mawas.log.08.31.txt
mawas.log.09.01.txt
mawas.log.09.02.txt
mawas.log.09.03.txt
mawas.log.09.04.txt
mawas.log.09.05.txt
mawas.log.09.06.txt
mawas.log.09.07.txt
mawas.log.09.08.txt
mawas.log.09.09.txt
mawas.log.09.10.txt
mawas.log.09.11.txt
mawas.log.09.12.txt
mawas.log.09.13.txt
mawas.log.09.14.txt
mawas.log.09.15.txt
mawas.log.09.16.txt
mawas.log.09.17.txt
mawas.log.09.18.txt
mawas.log.09.19.txt
mawas.log.09.20.txt
mawas.log.09.21.txt
mawas.log.09.22.txt
mawas.log.09.23.txt
mawas.log.09.24.txt
mawas.log.09.25.txt
mawas.log.09.26.txt
mawas.log.09.27.txt
mawas.log.09.28.txt
mawas.log.09.29.txt
mawas.log.09.30.txt
mawas.log.10.01.txt
mawas.log.10.02.txt
mawas.log.10.03.txt
mawas.log.10.04.txt
mawas.log.10.05.txt
mawas.log.10.06.txt
mawas.log.10.07.txt
mawas.log.10.08.txt
mawas.log.10.09.txt
mawas.log.10.10.txt
mawas.log.10.11.txt
mawas.log.10.12.txt
mawas.log.10.13.txt
mawas.log.10.14.txt
mawas.log.10.15.txt
mawas.log.10.16.txt
mawas.log.10.17.txt
mawas.log.10.18.txt
mawas.log.10.19.txt
mawas.log.10.20.txt
mawas.log.10.21.txt
mawas.log.10.22.txt
mawas.log.10.23.txt
mawas.log.10.24.txt
mawas.log.10.25.txt
mawas.log.10.26.txt
mawas.log.10.27.txt
mawas.log.10.28.txt
mawas.log.10.29.txt
mawas.log.10.30.txt
mawas.log.10.31.txt
mawas.log.11.01.txt
mawas.log.11.02.txt
mawas.log.11.03.txt
mawas.log.11.04.txt
mawas.log.11.05.txt
mawas.log.11.06.txt
mawas.log.11.07.txt
mawas.log.11.08.txt
mawas.log.11.09.txt
mawas.log.11.10.txt
mawas.log.11.11.txt
mawas.log.11.12.txt
mawas.log.11.13.txt
mawas.log.11.14.txt
mawas.log.11.15.txt
mawas.log.11.16.txt
mawas.log.11.17.txt
mawas.log.11.18.txt
mawas.log.11.19.txt
mawas.log.11.20.txt
mawas.log.11.21.txt
mawas.log.11.22.txt
mawas.log.11.23.txt
mawas.log.11.24.txt
mawas.log.11.25.txt
mawas.log.11.26.txt
mawas.log.11.27.txt
mawas.log.11.28.txt
mawas.log.11.29.txt
mawas.log.11.30.txt
mawas.log.12.01.txt
mawas.log.12.02.txt
mawas.log.12.03.txt
mawas.log.12.04.txt
mawas.log.12.05.txt
mawas.log.12.06.txt
mawas.log.12.07.txt
mawas.log.12.08.txt
mawas.log.12.09.txt
mawas.log.12.10.txt
mawas.log.12.11.txt
mawas.log.12.12.txt
mawas.log.12.13.txt
mawas.log.12.14.txt
mawas.log.12.15.txt
mawas.log.12.16.txt
mawas.log.12.17.txt
mawas.log.12.18.txt
mawas.log.12.19.txt
mawas.log.12.20.txt
mawas.log.12.21.txt
mawas.log.12.22.txt
mawas.log.12.23.txt
mawas.log.12.24.txt
mawas.log.12.25.txt
mawas.log.12.26.txt
mawas.log.12.27.txt
mawas.log.12.28.txt
mawas.log.12.29.txt
mawas.log.12.30.txt
mawas.log.12.31.txt