01-01.log
01-02.log
01-03.log
01-04.log
01-05.log
01-06.log
01-07.log
01-08.log
01-09.log
01-10.log
01-11.log
01-12.log
01-13.log
01-14.log
01-15.log
01-16.log
01-17.log
01-18.log
01-19.log
01-20.log
01-21.log
01-22.log
01-23.log
01-24.log
01-25.log
01-26.log
01-27.log
01-28.log
01-29.log
01-30.log
01-31.log
02-01.log
02-02.log
02-03.log
02-04.log
02-05.log
02-06.log
02-07.log
02-08.log
02-09.log
02-10.log
02-11.log
02-12.log
02-13.log
02-14.log
02-15.log
02-16.log
02-17.log
02-18.log
02-19.log
02-20.log
02-21.log
02-22.log
02-23.log
02-24.log
02-25.log
02-26.log
02-27.log
02-28.log
02-29.log
03-01.log
03-02.log
03-03.log
03-04.log
03-05.log
03-06.log
03-07.log
03-08.log
03-09.log
03-10.log
03-11.log
03-12.log
03-13.log
03-14.log
03-15.log
03-16.log
03-17.log
03-18.log
03-19.log
03-20.log
03-21.log
03-22.log
03-23.log
03-24.log
03-25.log
03-26.log
03-27.log
03-28.log
03-29.log
03-30.log
03-31.log
04-01.log
04-02.log
04-03.log
04-04.log
04-05.log
04-06.log
04-07.log
04-08.log
04-09.log
04-10.log
04-11.log
04-12.log
04-13.log
04-14.log
04-15.log
04-16.log
04-17.log
04-18.log
04-19.log
04-20.log
04-21.log
04-22.log
04-23.log
04-24.log
04-25.log
04-26.log
04-27.log
04-28.log
04-29.log
04-30.log
05-01.log
05-02.log
05-03.log
05-04.log
05-05.log
05-06.log
05-07.log
05-08.log
05-09.log
05-10.log
05-11.log
05-12.log
05-13.log
05-14.log
05-15.log
05-16.log
05-17.log
05-18.log
05-19.log
05-20.log
05-21.log
05-22.log
05-23.log
05-24.log
05-25.log
05-26.log
05-27.log
05-28.log
05-29.log
05-30.log
05-31.log
06-01.log
06-02.log
06-03.log
06-04.log
06-05.log
06-06.log
06-07.log
06-08.log
06-09.log
06-10.log
06-11.log
06-12.log
06-13.log
06-14.log
06-15.log
06-16.log
06-17.log
06-18.log
06-19.log
06-20.log
06-21.log
06-22.log
06-23.log
06-24.log
06-25.log
06-26.log
06-27.log
06-28.log
06-29.log
06-30.log
07-01.log
07-02.log
07-03.log
07-04.log
07-05.log
07-06.log
07-07.log
07-08.log
07-09.log
07-10.log
07-11.log
07-12.log
07-13.log
07-14.log
07-15.log
07-16.log
07-17.log
07-18.log
07-19.log
07-20.log
07-21.log
07-22.log
07-23.log
07-24.log
07-25.log
07-26.log
07-27.log
07-28.log
07-29.log
07-30.log
07-31.log
08-01.log
08-02.log
08-03.log
08-04.log
08-05.log
08-06.log
08-07.log
08-08.log
08-09.log
08-10.log
08-11.log
08-12.log
08-13.log
08-14.log
08-15.log
08-16.log
08-17.log
08-18.log
08-19.log
08-20.log
08-21.log
08-22.log
08-23.log
08-24.log
08-25.log
08-26.log
08-27.log
08-28.log
08-29.log
08-30.log
08-31.log
09-01.log
09-02.log
09-03.log
09-04.log
09-05.log
09-06.log
09-07.log
09-08.log
09-09.log
09-10.log
09-11.log
09-12.log
09-13.log
09-14.log
09-15.log
09-16.log
09-17.log
09-18.log
09-19.log
09-20.log
09-21.log
09-22.log
09-23.log
09-24.log
09-25.log
09-26.log
09-27.log
09-28.log
09-29.log
09-30.log
10-01.log
10-02.log
10-03.log
10-04.log
10-05.log
10-06.log
10-07.log
10-08.log
10-09.log
10-10.log
10-11.log
10-12.log
10-13.log
10-14.log
10-15.log
10-16.log
10-17.log
10-18.log
10-19.log
10-20.log
10-21.log
10-22.log
10-23.log
10-24.log
10-25.log
10-26.log
10-27.log
10-28.log
10-29.log
10-30.log
10-31.log
11-01.log
11-02.log
11-03.log
11-04.log
11-05.log
11-06.log
11-07.log
11-08.log
11-09.log
11-10.log
11-11.log
11-12.log
11-13.log
11-14.log
11-15.log
11-16.log
11-17.log
11-18.log
11-19.log
11-20.log
11-21.log
11-22.log
11-23.log
11-24.log
11-25.log
11-26.log
11-27.log
11-28.log
11-29.log
11-30.log
12-01.log
12-02.log
12-03.log
12-04.log
12-05.log
12-06.log
12-07.log
12-08.log
12-09.log
12-10.log
12-11.log
12-12.log
12-13.log
12-14.log
12-15.log
12-16.log
12-17.log
12-18.log
12-19.log
12-20.log
12-21.log
12-22.log
12-23.log
12-24.log
12-25.log
12-26.log
12-27.log
12-28.log
12-29.log
12-30.log
12-31.log
01-01-JW_BaoAn.log
01-02-JW_BaoAn.log
01-03-JW_BaoAn.log
01-04-JW_BaoAn.log
01-05-JW_BaoAn.log
01-06-JW_BaoAn.log
01-07-JW_BaoAn.log
01-08-JW_BaoAn.log
01-09-JW_BaoAn.log
01-10-JW_BaoAn.log
01-11-JW_BaoAn.log
01-12-JW_BaoAn.log
01-13-JW_BaoAn.log
01-14-JW_BaoAn.log
01-15-JW_BaoAn.log
01-16-JW_BaoAn.log
01-17-JW_BaoAn.log
01-18-JW_BaoAn.log
01-19-JW_BaoAn.log
01-20-JW_BaoAn.log
01-21-JW_BaoAn.log
01-22-JW_BaoAn.log
01-23-JW_BaoAn.log
01-24-JW_BaoAn.log
01-25-JW_BaoAn.log
01-26-JW_BaoAn.log
01-27-JW_BaoAn.log
01-28-JW_BaoAn.log
01-29-JW_BaoAn.log
01-30-JW_BaoAn.log
01-31-JW_BaoAn.log
02-01-JW_BaoAn.log
02-02-JW_BaoAn.log
02-03-JW_BaoAn.log
02-04-JW_BaoAn.log
02-05-JW_BaoAn.log
02-06-JW_BaoAn.log
02-07-JW_BaoAn.log
02-08-JW_BaoAn.log
02-09-JW_BaoAn.log
02-10-JW_BaoAn.log
02-11-JW_BaoAn.log
02-12-JW_BaoAn.log
02-13-JW_BaoAn.log
02-14-JW_BaoAn.log
02-15-JW_BaoAn.log
02-16-JW_BaoAn.log
02-17-JW_BaoAn.log
02-18-JW_BaoAn.log
02-19-JW_BaoAn.log
02-20-JW_BaoAn.log
02-21-JW_BaoAn.log
02-22-JW_BaoAn.log
02-23-JW_BaoAn.log
02-24-JW_BaoAn.log
02-25-JW_BaoAn.log
02-26-JW_BaoAn.log
02-27-JW_BaoAn.log
02-28-JW_BaoAn.log
02-29-JW_BaoAn.log
03-01-JW_BaoAn.log
03-02-JW_BaoAn.log
03-03-JW_BaoAn.log
03-04-JW_BaoAn.log
03-05-JW_BaoAn.log
03-06-JW_BaoAn.log
03-07-JW_BaoAn.log
03-08-JW_BaoAn.log
03-09-JW_BaoAn.log
03-10-JW_BaoAn.log
03-11-JW_BaoAn.log
03-12-JW_BaoAn.log
03-13-JW_BaoAn.log
03-14-JW_BaoAn.log
03-15-JW_BaoAn.log
03-16-JW_BaoAn.log
03-17-JW_BaoAn.log
03-18-JW_BaoAn.log
03-19-JW_BaoAn.log
03-20-JW_BaoAn.log
03-21-JW_BaoAn.log
03-22-JW_BaoAn.log
03-23-JW_BaoAn.log
03-24-JW_BaoAn.log
03-25-JW_BaoAn.log
03-26-JW_BaoAn.log
03-27-JW_BaoAn.log
03-28-JW_BaoAn.log
03-29-JW_BaoAn.log
03-30-JW_BaoAn.log
03-31-JW_BaoAn.log
04-01-JW_BaoAn.log
04-02-JW_BaoAn.log
04-03-JW_BaoAn.log
04-04-JW_BaoAn.log
04-05-JW_BaoAn.log
04-06-JW_BaoAn.log
04-07-JW_BaoAn.log
04-08-JW_BaoAn.log
04-09-JW_BaoAn.log
04-10-JW_BaoAn.log
04-11-JW_BaoAn.log
04-12-JW_BaoAn.log
04-13-JW_BaoAn.log
04-14-JW_BaoAn.log
04-15-JW_BaoAn.log
04-16-JW_BaoAn.log
04-17-JW_BaoAn.log
04-18-JW_BaoAn.log
04-19-JW_BaoAn.log
04-20-JW_BaoAn.log
04-21-JW_BaoAn.log
04-22-JW_BaoAn.log
04-23-JW_BaoAn.log
04-24-JW_BaoAn.log
04-25-JW_BaoAn.log
04-26-JW_BaoAn.log
04-27-JW_BaoAn.log
04-28-JW_BaoAn.log
04-29-JW_BaoAn.log
04-30-JW_BaoAn.log
05-01-JW_BaoAn.log
05-02-JW_BaoAn.log
05-03-JW_BaoAn.log
05-04-JW_BaoAn.log
05-05-JW_BaoAn.log
05-06-JW_BaoAn.log
05-07-JW_BaoAn.log
05-08-JW_BaoAn.log
05-09-JW_BaoAn.log
05-10-JW_BaoAn.log
05-11-JW_BaoAn.log
05-12-JW_BaoAn.log
05-13-JW_BaoAn.log
05-14-JW_BaoAn.log
05-15-JW_BaoAn.log
05-16-JW_BaoAn.log
05-17-JW_BaoAn.log
05-18-JW_BaoAn.log
05-19-JW_BaoAn.log
05-20-JW_BaoAn.log
05-21-JW_BaoAn.log
05-22-JW_BaoAn.log
05-23-JW_BaoAn.log
05-24-JW_BaoAn.log
05-25-JW_BaoAn.log
05-26-JW_BaoAn.log
05-27-JW_BaoAn.log
05-28-JW_BaoAn.log
05-29-JW_BaoAn.log
05-30-JW_BaoAn.log
05-31-JW_BaoAn.log
06-01-JW_BaoAn.log
06-02-JW_BaoAn.log
06-03-JW_BaoAn.log
06-04-JW_BaoAn.log
06-05-JW_BaoAn.log
06-06-JW_BaoAn.log
06-07-JW_BaoAn.log
06-08-JW_BaoAn.log
06-09-JW_BaoAn.log
06-10-JW_BaoAn.log
06-11-JW_BaoAn.log
06-12-JW_BaoAn.log
06-13-JW_BaoAn.log
06-14-JW_BaoAn.log
06-15-JW_BaoAn.log
06-16-JW_BaoAn.log
06-17-JW_BaoAn.log
06-18-JW_BaoAn.log
06-19-JW_BaoAn.log
06-20-JW_BaoAn.log
06-21-JW_BaoAn.log
06-22-JW_BaoAn.log
06-23-JW_BaoAn.log
06-24-JW_BaoAn.log
06-25-JW_BaoAn.log
06-26-JW_BaoAn.log
06-27-JW_BaoAn.log
06-28-JW_BaoAn.log
06-29-JW_BaoAn.log
06-30-JW_BaoAn.log
07-01-JW_BaoAn.log
07-02-JW_BaoAn.log
07-03-JW_BaoAn.log
07-04-JW_BaoAn.log
07-05-JW_BaoAn.log
07-06-JW_BaoAn.log
07-07-JW_BaoAn.log
07-08-JW_BaoAn.log
07-09-JW_BaoAn.log
07-10-JW_BaoAn.log
07-11-JW_BaoAn.log
07-12-JW_BaoAn.log
07-13-JW_BaoAn.log
07-14-JW_BaoAn.log
07-15-JW_BaoAn.log
07-16-JW_BaoAn.log
07-17-JW_BaoAn.log
07-18-JW_BaoAn.log
07-19-JW_BaoAn.log
07-20-JW_BaoAn.log
07-21-JW_BaoAn.log
07-22-JW_BaoAn.log
07-23-JW_BaoAn.log
07-24-JW_BaoAn.log
07-25-JW_BaoAn.log
07-26-JW_BaoAn.log
07-27-JW_BaoAn.log
07-28-JW_BaoAn.log
07-29-JW_BaoAn.log
07-30-JW_BaoAn.log
07-31-JW_BaoAn.log
08-01-JW_BaoAn.log
08-02-JW_BaoAn.log
08-03-JW_BaoAn.log
08-04-JW_BaoAn.log
08-05-JW_BaoAn.log
08-06-JW_BaoAn.log
08-07-JW_BaoAn.log
08-08-JW_BaoAn.log
08-09-JW_BaoAn.log
08-10-JW_BaoAn.log
08-11-JW_BaoAn.log
08-12-JW_BaoAn.log
08-13-JW_BaoAn.log
08-14-JW_BaoAn.log
08-15-JW_BaoAn.log
08-16-JW_BaoAn.log
08-17-JW_BaoAn.log
08-18-JW_BaoAn.log
08-19-JW_BaoAn.log
08-20-JW_BaoAn.log
08-21-JW_BaoAn.log
08-22-JW_BaoAn.log
08-23-JW_BaoAn.log
08-24-JW_BaoAn.log
08-25-JW_BaoAn.log
08-26-JW_BaoAn.log
08-27-JW_BaoAn.log
08-28-JW_BaoAn.log
08-29-JW_BaoAn.log
08-30-JW_BaoAn.log
08-31-JW_BaoAn.log
09-01-JW_BaoAn.log
09-02-JW_BaoAn.log
09-03-JW_BaoAn.log
09-04-JW_BaoAn.log
09-05-JW_BaoAn.log
09-06-JW_BaoAn.log
09-07-JW_BaoAn.log
09-08-JW_BaoAn.log
09-09-JW_BaoAn.log
09-10-JW_BaoAn.log
09-11-JW_BaoAn.log
09-12-JW_BaoAn.log
09-13-JW_BaoAn.log
09-14-JW_BaoAn.log
09-15-JW_BaoAn.log
09-16-JW_BaoAn.log
09-17-JW_BaoAn.log
09-18-JW_BaoAn.log
09-19-JW_BaoAn.log
09-20-JW_BaoAn.log
09-21-JW_BaoAn.log
09-22-JW_BaoAn.log
09-23-JW_BaoAn.log
09-24-JW_BaoAn.log
09-25-JW_BaoAn.log
09-26-JW_BaoAn.log
09-27-JW_BaoAn.log
09-28-JW_BaoAn.log
09-29-JW_BaoAn.log
09-30-JW_BaoAn.log
10-01-JW_BaoAn.log
10-02-JW_BaoAn.log
10-03-JW_BaoAn.log
10-04-JW_BaoAn.log
10-05-JW_BaoAn.log
10-06-JW_BaoAn.log
10-07-JW_BaoAn.log
10-08-JW_BaoAn.log
10-09-JW_BaoAn.log
10-10-JW_BaoAn.log
10-11-JW_BaoAn.log
10-12-JW_BaoAn.log
10-13-JW_BaoAn.log
10-14-JW_BaoAn.log
10-15-JW_BaoAn.log
10-16-JW_BaoAn.log
10-17-JW_BaoAn.log
10-18-JW_BaoAn.log
10-19-JW_BaoAn.log
10-20-JW_BaoAn.log
10-21-JW_BaoAn.log
10-22-JW_BaoAn.log
10-23-JW_BaoAn.log
10-24-JW_BaoAn.log
10-25-JW_BaoAn.log
10-26-JW_BaoAn.log
10-27-JW_BaoAn.log
10-28-JW_BaoAn.log
10-29-JW_BaoAn.log
10-30-JW_BaoAn.log
10-31-JW_BaoAn.log
11-01-JW_BaoAn.log
11-02-JW_BaoAn.log
11-03-JW_BaoAn.log
11-04-JW_BaoAn.log
11-05-JW_BaoAn.log
11-06-JW_BaoAn.log
11-07-JW_BaoAn.log
11-08-JW_BaoAn.log
11-09-JW_BaoAn.log
11-10-JW_BaoAn.log
11-11-JW_BaoAn.log
11-12-JW_BaoAn.log
11-13-JW_BaoAn.log
11-14-JW_BaoAn.log
11-15-JW_BaoAn.log
11-16-JW_BaoAn.log
11-17-JW_BaoAn.log
11-18-JW_BaoAn.log
11-19-JW_BaoAn.log
11-20-JW_BaoAn.log
11-21-JW_BaoAn.log
11-22-JW_BaoAn.log
11-23-JW_BaoAn.log
11-24-JW_BaoAn.log
11-25-JW_BaoAn.log
11-26-JW_BaoAn.log
11-27-JW_BaoAn.log
11-28-JW_BaoAn.log
11-29-JW_BaoAn.log
11-30-JW_BaoAn.log
12-01-JW_BaoAn.log
12-02-JW_BaoAn.log
12-03-JW_BaoAn.log
12-04-JW_BaoAn.log
12-05-JW_BaoAn.log
12-06-JW_BaoAn.log
12-07-JW_BaoAn.log
12-08-JW_BaoAn.log
12-09-JW_BaoAn.log
12-10-JW_BaoAn.log
12-11-JW_BaoAn.log
12-12-JW_BaoAn.log
12-13-JW_BaoAn.log
12-14-JW_BaoAn.log
12-15-JW_BaoAn.log
12-16-JW_BaoAn.log
12-17-JW_BaoAn.log
12-18-JW_BaoAn.log
12-19-JW_BaoAn.log
12-20-JW_BaoAn.log
12-21-JW_BaoAn.log
12-22-JW_BaoAn.log
12-23-JW_BaoAn.log
12-24-JW_BaoAn.log
12-25-JW_BaoAn.log
12-26-JW_BaoAn.log
12-27-JW_BaoAn.log
12-28-JW_BaoAn.log
12-29-JW_BaoAn.log
12-30-JW_BaoAn.log
12-31-JW_BaoAn.log
01-01-JW_ChengGuan.log
01-02-JW_ChengGuan.log
01-03-JW_ChengGuan.log
01-04-JW_ChengGuan.log
01-05-JW_ChengGuan.log
01-06-JW_ChengGuan.log
01-07-JW_ChengGuan.log
01-08-JW_ChengGuan.log
01-09-JW_ChengGuan.log
01-10-JW_ChengGuan.log
01-11-JW_ChengGuan.log
01-12-JW_ChengGuan.log
01-13-JW_ChengGuan.log
01-14-JW_ChengGuan.log
01-15-JW_ChengGuan.log
01-16-JW_ChengGuan.log
01-17-JW_ChengGuan.log
01-18-JW_ChengGuan.log
01-19-JW_ChengGuan.log
01-20-JW_ChengGuan.log
01-21-JW_ChengGuan.log
01-22-JW_ChengGuan.log
01-23-JW_ChengGuan.log
01-24-JW_ChengGuan.log
01-25-JW_ChengGuan.log
01-26-JW_ChengGuan.log
01-27-JW_ChengGuan.log
01-28-JW_ChengGuan.log
01-29-JW_ChengGuan.log
01-30-JW_ChengGuan.log
01-31-JW_ChengGuan.log
02-01-JW_ChengGuan.log
02-02-JW_ChengGuan.log
02-03-JW_ChengGuan.log
02-04-JW_ChengGuan.log
02-05-JW_ChengGuan.log
02-06-JW_ChengGuan.log
02-07-JW_ChengGuan.log
02-08-JW_ChengGuan.log
02-09-JW_ChengGuan.log
02-10-JW_ChengGuan.log
02-11-JW_ChengGuan.log
02-12-JW_ChengGuan.log
02-13-JW_ChengGuan.log
02-14-JW_ChengGuan.log
02-15-JW_ChengGuan.log
02-16-JW_ChengGuan.log
02-17-JW_ChengGuan.log
02-18-JW_ChengGuan.log
02-19-JW_ChengGuan.log
02-20-JW_ChengGuan.log
02-21-JW_ChengGuan.log
02-22-JW_ChengGuan.log
02-23-JW_ChengGuan.log
02-24-JW_ChengGuan.log
02-25-JW_ChengGuan.log
02-26-JW_ChengGuan.log
02-27-JW_ChengGuan.log
02-28-JW_ChengGuan.log
02-29-JW_ChengGuan.log
03-01-JW_ChengGuan.log
03-02-JW_ChengGuan.log
03-03-JW_ChengGuan.log
03-04-JW_ChengGuan.log
03-05-JW_ChengGuan.log
03-06-JW_ChengGuan.log
03-07-JW_ChengGuan.log
03-08-JW_ChengGuan.log
03-09-JW_ChengGuan.log
03-10-JW_ChengGuan.log
03-11-JW_ChengGuan.log
03-12-JW_ChengGuan.log
03-13-JW_ChengGuan.log
03-14-JW_ChengGuan.log
03-15-JW_ChengGuan.log
03-16-JW_ChengGuan.log
03-17-JW_ChengGuan.log
03-18-JW_ChengGuan.log
03-19-JW_ChengGuan.log
03-20-JW_ChengGuan.log
03-21-JW_ChengGuan.log
03-22-JW_ChengGuan.log
03-23-JW_ChengGuan.log
03-24-JW_ChengGuan.log
03-25-JW_ChengGuan.log
03-26-JW_ChengGuan.log
03-27-JW_ChengGuan.log
03-28-JW_ChengGuan.log
03-29-JW_ChengGuan.log
03-30-JW_ChengGuan.log
03-31-JW_ChengGuan.log
04-01-JW_ChengGuan.log
04-02-JW_ChengGuan.log
04-03-JW_ChengGuan.log
04-04-JW_ChengGuan.log
04-05-JW_ChengGuan.log
04-06-JW_ChengGuan.log
04-07-JW_ChengGuan.log
04-08-JW_ChengGuan.log
04-09-JW_ChengGuan.log
04-10-JW_ChengGuan.log
04-11-JW_ChengGuan.log
04-12-JW_ChengGuan.log
04-13-JW_ChengGuan.log
04-14-JW_ChengGuan.log
04-15-JW_ChengGuan.log
04-16-JW_ChengGuan.log
04-17-JW_ChengGuan.log
04-18-JW_ChengGuan.log
04-19-JW_ChengGuan.log
04-20-JW_ChengGuan.log
04-21-JW_ChengGuan.log
04-22-JW_ChengGuan.log
04-23-JW_ChengGuan.log
04-24-JW_ChengGuan.log
04-25-JW_ChengGuan.log
04-26-JW_ChengGuan.log
04-27-JW_ChengGuan.log
04-28-JW_ChengGuan.log
04-29-JW_ChengGuan.log
04-30-JW_ChengGuan.log
05-01-JW_ChengGuan.log
05-02-JW_ChengGuan.log
05-03-JW_ChengGuan.log
05-04-JW_ChengGuan.log
05-05-JW_ChengGuan.log
05-06-JW_ChengGuan.log
05-07-JW_ChengGuan.log
05-08-JW_ChengGuan.log
05-09-JW_ChengGuan.log
05-10-JW_ChengGuan.log
05-11-JW_ChengGuan.log
05-12-JW_ChengGuan.log
05-13-JW_ChengGuan.log
05-14-JW_ChengGuan.log
05-15-JW_ChengGuan.log
05-16-JW_ChengGuan.log
05-17-JW_ChengGuan.log
05-18-JW_ChengGuan.log
05-19-JW_ChengGuan.log
05-20-JW_ChengGuan.log
05-21-JW_ChengGuan.log
05-22-JW_ChengGuan.log
05-23-JW_ChengGuan.log
05-24-JW_ChengGuan.log
05-25-JW_ChengGuan.log
05-26-JW_ChengGuan.log
05-27-JW_ChengGuan.log
05-28-JW_ChengGuan.log
05-29-JW_ChengGuan.log
05-30-JW_ChengGuan.log
05-31-JW_ChengGuan.log
06-01-JW_ChengGuan.log
06-02-JW_ChengGuan.log
06-03-JW_ChengGuan.log
06-04-JW_ChengGuan.log
06-05-JW_ChengGuan.log
06-06-JW_ChengGuan.log
06-07-JW_ChengGuan.log
06-08-JW_ChengGuan.log
06-09-JW_ChengGuan.log
06-10-JW_ChengGuan.log
06-11-JW_ChengGuan.log
06-12-JW_ChengGuan.log
06-13-JW_ChengGuan.log
06-14-JW_ChengGuan.log
06-15-JW_ChengGuan.log
06-16-JW_ChengGuan.log
06-17-JW_ChengGuan.log
06-18-JW_ChengGuan.log
06-19-JW_ChengGuan.log
06-20-JW_ChengGuan.log
06-21-JW_ChengGuan.log
06-22-JW_ChengGuan.log
06-23-JW_ChengGuan.log
06-24-JW_ChengGuan.log
06-25-JW_ChengGuan.log
06-26-JW_ChengGuan.log
06-27-JW_ChengGuan.log
06-28-JW_ChengGuan.log
06-29-JW_ChengGuan.log
06-30-JW_ChengGuan.log
07-01-JW_ChengGuan.log
07-02-JW_ChengGuan.log
07-03-JW_ChengGuan.log
07-04-JW_ChengGuan.log
07-05-JW_ChengGuan.log
07-06-JW_ChengGuan.log
07-07-JW_ChengGuan.log
07-08-JW_ChengGuan.log
07-09-JW_ChengGuan.log
07-10-JW_ChengGuan.log
07-11-JW_ChengGuan.log
07-12-JW_ChengGuan.log
07-13-JW_ChengGuan.log
07-14-JW_ChengGuan.log
07-15-JW_ChengGuan.log
07-16-JW_ChengGuan.log
07-17-JW_ChengGuan.log
07-18-JW_ChengGuan.log
07-19-JW_ChengGuan.log
07-20-JW_ChengGuan.log
07-21-JW_ChengGuan.log
07-22-JW_ChengGuan.log
07-23-JW_ChengGuan.log
07-24-JW_ChengGuan.log
07-25-JW_ChengGuan.log
07-26-JW_ChengGuan.log
07-27-JW_ChengGuan.log
07-28-JW_ChengGuan.log
07-29-JW_ChengGuan.log
07-30-JW_ChengGuan.log
07-31-JW_ChengGuan.log
08-01-JW_ChengGuan.log
08-02-JW_ChengGuan.log
08-03-JW_ChengGuan.log
08-04-JW_ChengGuan.log
08-05-JW_ChengGuan.log
08-06-JW_ChengGuan.log
08-07-JW_ChengGuan.log
08-08-JW_ChengGuan.log
08-09-JW_ChengGuan.log
08-10-JW_ChengGuan.log
08-11-JW_ChengGuan.log
08-12-JW_ChengGuan.log
08-13-JW_ChengGuan.log
08-14-JW_ChengGuan.log
08-15-JW_ChengGuan.log
08-16-JW_ChengGuan.log
08-17-JW_ChengGuan.log
08-18-JW_ChengGuan.log
08-19-JW_ChengGuan.log
08-20-JW_ChengGuan.log
08-21-JW_ChengGuan.log
08-22-JW_ChengGuan.log
08-23-JW_ChengGuan.log
08-24-JW_ChengGuan.log
08-25-JW_ChengGuan.log
08-26-JW_ChengGuan.log
08-27-JW_ChengGuan.log
08-28-JW_ChengGuan.log
08-29-JW_ChengGuan.log
08-30-JW_ChengGuan.log
08-31-JW_ChengGuan.log
09-01-JW_ChengGuan.log
09-02-JW_ChengGuan.log
09-03-JW_ChengGuan.log
09-04-JW_ChengGuan.log
09-05-JW_ChengGuan.log
09-06-JW_ChengGuan.log
09-07-JW_ChengGuan.log
09-08-JW_ChengGuan.log
09-09-JW_ChengGuan.log
09-10-JW_ChengGuan.log
09-11-JW_ChengGuan.log
09-12-JW_ChengGuan.log
09-13-JW_ChengGuan.log
09-14-JW_ChengGuan.log
09-15-JW_ChengGuan.log
09-16-JW_ChengGuan.log
09-17-JW_ChengGuan.log
09-18-JW_ChengGuan.log
09-19-JW_ChengGuan.log
09-20-JW_ChengGuan.log
09-21-JW_ChengGuan.log
09-22-JW_ChengGuan.log
09-23-JW_ChengGuan.log
09-24-JW_ChengGuan.log
09-25-JW_ChengGuan.log
09-26-JW_ChengGuan.log
09-27-JW_ChengGuan.log
09-28-JW_ChengGuan.log
09-29-JW_ChengGuan.log
09-30-JW_ChengGuan.log
10-01-JW_ChengGuan.log
10-02-JW_ChengGuan.log
10-03-JW_ChengGuan.log
10-04-JW_ChengGuan.log
10-05-JW_ChengGuan.log
10-06-JW_ChengGuan.log
10-07-JW_ChengGuan.log
10-08-JW_ChengGuan.log
10-09-JW_ChengGuan.log
10-10-JW_ChengGuan.log
10-11-JW_ChengGuan.log
10-12-JW_ChengGuan.log
10-13-JW_ChengGuan.log
10-14-JW_ChengGuan.log
10-15-JW_ChengGuan.log
10-16-JW_ChengGuan.log
10-17-JW_ChengGuan.log
10-18-JW_ChengGuan.log
10-19-JW_ChengGuan.log
10-20-JW_ChengGuan.log
10-21-JW_ChengGuan.log
10-22-JW_ChengGuan.log
10-23-JW_ChengGuan.log
10-24-JW_ChengGuan.log
10-25-JW_ChengGuan.log
10-26-JW_ChengGuan.log
10-27-JW_ChengGuan.log
10-28-JW_ChengGuan.log
10-29-JW_ChengGuan.log
10-30-JW_ChengGuan.log
10-31-JW_ChengGuan.log
11-01-JW_ChengGuan.log
11-02-JW_ChengGuan.log
11-03-JW_ChengGuan.log
11-04-JW_ChengGuan.log
11-05-JW_ChengGuan.log
11-06-JW_ChengGuan.log
11-07-JW_ChengGuan.log
11-08-JW_ChengGuan.log
11-09-JW_ChengGuan.log
11-10-JW_ChengGuan.log
11-11-JW_ChengGuan.log
11-12-JW_ChengGuan.log
11-13-JW_ChengGuan.log
11-14-JW_ChengGuan.log
11-15-JW_ChengGuan.log
11-16-JW_ChengGuan.log
11-17-JW_ChengGuan.log
11-18-JW_ChengGuan.log
11-19-JW_ChengGuan.log
11-20-JW_ChengGuan.log
11-21-JW_ChengGuan.log
11-22-JW_ChengGuan.log
11-23-JW_ChengGuan.log
11-24-JW_ChengGuan.log
11-25-JW_ChengGuan.log
11-26-JW_ChengGuan.log
11-27-JW_ChengGuan.log
11-28-JW_ChengGuan.log
11-29-JW_ChengGuan.log
11-30-JW_ChengGuan.log
12-01-JW_ChengGuan.log
12-02-JW_ChengGuan.log
12-03-JW_ChengGuan.log
12-04-JW_ChengGuan.log
12-05-JW_ChengGuan.log
12-06-JW_ChengGuan.log
12-07-JW_ChengGuan.log
12-08-JW_ChengGuan.log
12-09-JW_ChengGuan.log
12-10-JW_ChengGuan.log
12-11-JW_ChengGuan.log
12-12-JW_ChengGuan.log
12-13-JW_ChengGuan.log
12-14-JW_ChengGuan.log
12-15-JW_ChengGuan.log
12-16-JW_ChengGuan.log
12-17-JW_ChengGuan.log
12-18-JW_ChengGuan.log
12-19-JW_ChengGuan.log
12-20-JW_ChengGuan.log
12-21-JW_ChengGuan.log
12-22-JW_ChengGuan.log
12-23-JW_ChengGuan.log
12-24-JW_ChengGuan.log
12-25-JW_ChengGuan.log
12-26-JW_ChengGuan.log
12-27-JW_ChengGuan.log
12-28-JW_ChengGuan.log
12-29-JW_ChengGuan.log
12-30-JW_ChengGuan.log
12-31-JW_ChengGuan.log
01-01-JW_GuangMing.log
01-02-JW_GuangMing.log
01-03-JW_GuangMing.log
01-04-JW_GuangMing.log
01-05-JW_GuangMing.log
01-06-JW_GuangMing.log
01-07-JW_GuangMing.log
01-08-JW_GuangMing.log
01-09-JW_GuangMing.log
01-10-JW_GuangMing.log
01-11-JW_GuangMing.log
01-12-JW_GuangMing.log
01-13-JW_GuangMing.log
01-14-JW_GuangMing.log
01-15-JW_GuangMing.log
01-16-JW_GuangMing.log
01-17-JW_GuangMing.log
01-18-JW_GuangMing.log
01-19-JW_GuangMing.log
01-20-JW_GuangMing.log
01-21-JW_GuangMing.log
01-22-JW_GuangMing.log
01-23-JW_GuangMing.log
01-24-JW_GuangMing.log
01-25-JW_GuangMing.log
01-26-JW_GuangMing.log
01-27-JW_GuangMing.log
01-28-JW_GuangMing.log
01-29-JW_GuangMing.log
01-30-JW_GuangMing.log
01-31-JW_GuangMing.log
02-01-JW_GuangMing.log
02-02-JW_GuangMing.log
02-03-JW_GuangMing.log
02-04-JW_GuangMing.log
02-05-JW_GuangMing.log
02-06-JW_GuangMing.log
02-07-JW_GuangMing.log
02-08-JW_GuangMing.log
02-09-JW_GuangMing.log
02-10-JW_GuangMing.log
02-11-JW_GuangMing.log
02-12-JW_GuangMing.log
02-13-JW_GuangMing.log
02-14-JW_GuangMing.log
02-15-JW_GuangMing.log
02-16-JW_GuangMing.log
02-17-JW_GuangMing.log
02-18-JW_GuangMing.log
02-19-JW_GuangMing.log
02-20-JW_GuangMing.log
02-21-JW_GuangMing.log
02-22-JW_GuangMing.log
02-23-JW_GuangMing.log
02-24-JW_GuangMing.log
02-25-JW_GuangMing.log
02-26-JW_GuangMing.log
02-27-JW_GuangMing.log
02-28-JW_GuangMing.log
02-29-JW_GuangMing.log
03-01-JW_GuangMing.log
03-02-JW_GuangMing.log
03-03-JW_GuangMing.log
03-04-JW_GuangMing.log
03-05-JW_GuangMing.log
03-06-JW_GuangMing.log
03-07-JW_GuangMing.log
03-08-JW_GuangMing.log
03-09-JW_GuangMing.log
03-10-JW_GuangMing.log
03-11-JW_GuangMing.log
03-12-JW_GuangMing.log
03-13-JW_GuangMing.log
03-14-JW_GuangMing.log
03-15-JW_GuangMing.log
03-16-JW_GuangMing.log
03-17-JW_GuangMing.log
03-18-JW_GuangMing.log
03-19-JW_GuangMing.log
03-20-JW_GuangMing.log
03-21-JW_GuangMing.log
03-22-JW_GuangMing.log
03-23-JW_GuangMing.log
03-24-JW_GuangMing.log
03-25-JW_GuangMing.log
03-26-JW_GuangMing.log
03-27-JW_GuangMing.log
03-28-JW_GuangMing.log
03-29-JW_GuangMing.log
03-30-JW_GuangMing.log
03-31-JW_GuangMing.log
04-01-JW_GuangMing.log
04-02-JW_GuangMing.log
04-03-JW_GuangMing.log
04-04-JW_GuangMing.log
04-05-JW_GuangMing.log
04-06-JW_GuangMing.log
04-07-JW_GuangMing.log
04-08-JW_GuangMing.log
04-09-JW_GuangMing.log
04-10-JW_GuangMing.log
04-11-JW_GuangMing.log
04-12-JW_GuangMing.log
04-13-JW_GuangMing.log
04-14-JW_GuangMing.log
04-15-JW_GuangMing.log
04-16-JW_GuangMing.log
04-17-JW_GuangMing.log
04-18-JW_GuangMing.log
04-19-JW_GuangMing.log
04-20-JW_GuangMing.log
04-21-JW_GuangMing.log
04-22-JW_GuangMing.log
04-23-JW_GuangMing.log
04-24-JW_GuangMing.log
04-25-JW_GuangMing.log
04-26-JW_GuangMing.log
04-27-JW_GuangMing.log
04-28-JW_GuangMing.log
04-29-JW_GuangMing.log
04-30-JW_GuangMing.log
05-01-JW_GuangMing.log
05-02-JW_GuangMing.log
05-03-JW_GuangMing.log
05-04-JW_GuangMing.log
05-05-JW_GuangMing.log
05-06-JW_GuangMing.log
05-07-JW_GuangMing.log
05-08-JW_GuangMing.log
05-09-JW_GuangMing.log
05-10-JW_GuangMing.log
05-11-JW_GuangMing.log
05-12-JW_GuangMing.log
05-13-JW_GuangMing.log
05-14-JW_GuangMing.log
05-15-JW_GuangMing.log
05-16-JW_GuangMing.log
05-17-JW_GuangMing.log
05-18-JW_GuangMing.log
05-19-JW_GuangMing.log
05-20-JW_GuangMing.log
05-21-JW_GuangMing.log
05-22-JW_GuangMing.log
05-23-JW_GuangMing.log
05-24-JW_GuangMing.log
05-25-JW_GuangMing.log
05-26-JW_GuangMing.log
05-27-JW_GuangMing.log
05-28-JW_GuangMing.log
05-29-JW_GuangMing.log
05-30-JW_GuangMing.log
05-31-JW_GuangMing.log
06-01-JW_GuangMing.log
06-02-JW_GuangMing.log
06-03-JW_GuangMing.log
06-04-JW_GuangMing.log
06-05-JW_GuangMing.log
06-06-JW_GuangMing.log
06-07-JW_GuangMing.log
06-08-JW_GuangMing.log
06-09-JW_GuangMing.log
06-10-JW_GuangMing.log
06-11-JW_GuangMing.log
06-12-JW_GuangMing.log
06-13-JW_GuangMing.log
06-14-JW_GuangMing.log
06-15-JW_GuangMing.log
06-16-JW_GuangMing.log
06-17-JW_GuangMing.log
06-18-JW_GuangMing.log
06-19-JW_GuangMing.log
06-20-JW_GuangMing.log
06-21-JW_GuangMing.log
06-22-JW_GuangMing.log
06-23-JW_GuangMing.log
06-24-JW_GuangMing.log
06-25-JW_GuangMing.log
06-26-JW_GuangMing.log
06-27-JW_GuangMing.log
06-28-JW_GuangMing.log
06-29-JW_GuangMing.log
06-30-JW_GuangMing.log
07-01-JW_GuangMing.log
07-02-JW_GuangMing.log
07-03-JW_GuangMing.log
07-04-JW_GuangMing.log
07-05-JW_GuangMing.log
07-06-JW_GuangMing.log
07-07-JW_GuangMing.log
07-08-JW_GuangMing.log
07-09-JW_GuangMing.log
07-10-JW_GuangMing.log
07-11-JW_GuangMing.log
07-12-JW_GuangMing.log
07-13-JW_GuangMing.log
07-14-JW_GuangMing.log
07-15-JW_GuangMing.log
07-16-JW_GuangMing.log
07-17-JW_GuangMing.log
07-18-JW_GuangMing.log
07-19-JW_GuangMing.log
07-20-JW_GuangMing.log
07-21-JW_GuangMing.log
07-22-JW_GuangMing.log
07-23-JW_GuangMing.log
07-24-JW_GuangMing.log
07-25-JW_GuangMing.log
07-26-JW_GuangMing.log
07-27-JW_GuangMing.log
07-28-JW_GuangMing.log
07-29-JW_GuangMing.log
07-30-JW_GuangMing.log
07-31-JW_GuangMing.log
08-01-JW_GuangMing.log
08-02-JW_GuangMing.log
08-03-JW_GuangMing.log
08-04-JW_GuangMing.log
08-05-JW_GuangMing.log
08-06-JW_GuangMing.log
08-07-JW_GuangMing.log
08-08-JW_GuangMing.log
08-09-JW_GuangMing.log
08-10-JW_GuangMing.log
08-11-JW_GuangMing.log
08-12-JW_GuangMing.log
08-13-JW_GuangMing.log
08-14-JW_GuangMing.log
08-15-JW_GuangMing.log
08-16-JW_GuangMing.log
08-17-JW_GuangMing.log
08-18-JW_GuangMing.log
08-19-JW_GuangMing.log
08-20-JW_GuangMing.log
08-21-JW_GuangMing.log
08-22-JW_GuangMing.log
08-23-JW_GuangMing.log
08-24-JW_GuangMing.log
08-25-JW_GuangMing.log
08-26-JW_GuangMing.log
08-27-JW_GuangMing.log
08-28-JW_GuangMing.log
08-29-JW_GuangMing.log
08-30-JW_GuangMing.log
08-31-JW_GuangMing.log
09-01-JW_GuangMing.log
09-02-JW_GuangMing.log
09-03-JW_GuangMing.log
09-04-JW_GuangMing.log
09-05-JW_GuangMing.log
09-06-JW_GuangMing.log
09-07-JW_GuangMing.log
09-08-JW_GuangMing.log
09-09-JW_GuangMing.log
09-10-JW_GuangMing.log
09-11-JW_GuangMing.log
09-12-JW_GuangMing.log
09-13-JW_GuangMing.log
09-14-JW_GuangMing.log
09-15-JW_GuangMing.log
09-16-JW_GuangMing.log
09-17-JW_GuangMing.log
09-18-JW_GuangMing.log
09-19-JW_GuangMing.log
09-20-JW_GuangMing.log
09-21-JW_GuangMing.log
09-22-JW_GuangMing.log
09-23-JW_GuangMing.log
09-24-JW_GuangMing.log
09-25-JW_GuangMing.log
09-26-JW_GuangMing.log
09-27-JW_GuangMing.log
09-28-JW_GuangMing.log
09-29-JW_GuangMing.log
09-30-JW_GuangMing.log
10-01-JW_GuangMing.log
10-02-JW_GuangMing.log
10-03-JW_GuangMing.log
10-04-JW_GuangMing.log
10-05-JW_GuangMing.log
10-06-JW_GuangMing.log
10-07-JW_GuangMing.log
10-08-JW_GuangMing.log
10-09-JW_GuangMing.log
10-10-JW_GuangMing.log
10-11-JW_GuangMing.log
10-12-JW_GuangMing.log
10-13-JW_GuangMing.log
10-14-JW_GuangMing.log
10-15-JW_GuangMing.log
10-16-JW_GuangMing.log
10-17-JW_GuangMing.log
10-18-JW_GuangMing.log
10-19-JW_GuangMing.log
10-20-JW_GuangMing.log
10-21-JW_GuangMing.log
10-22-JW_GuangMing.log
10-23-JW_GuangMing.log
10-24-JW_GuangMing.log
10-25-JW_GuangMing.log
10-26-JW_GuangMing.log
10-27-JW_GuangMing.log
10-28-JW_GuangMing.log
10-29-JW_GuangMing.log
10-30-JW_GuangMing.log
10-31-JW_GuangMing.log
11-01-JW_GuangMing.log
11-02-JW_GuangMing.log
11-03-JW_GuangMing.log
11-04-JW_GuangMing.log
11-05-JW_GuangMing.log
11-06-JW_GuangMing.log
11-07-JW_GuangMing.log
11-08-JW_GuangMing.log
11-09-JW_GuangMing.log
11-10-JW_GuangMing.log
11-11-JW_GuangMing.log
11-12-JW_GuangMing.log
11-13-JW_GuangMing.log
11-14-JW_GuangMing.log
11-15-JW_GuangMing.log
11-16-JW_GuangMing.log
11-17-JW_GuangMing.log
11-18-JW_GuangMing.log
11-19-JW_GuangMing.log
11-20-JW_GuangMing.log
11-21-JW_GuangMing.log
11-22-JW_GuangMing.log
11-23-JW_GuangMing.log
11-24-JW_GuangMing.log
11-25-JW_GuangMing.log
11-26-JW_GuangMing.log
11-27-JW_GuangMing.log
11-28-JW_GuangMing.log
11-29-JW_GuangMing.log
11-30-JW_GuangMing.log
12-01-JW_GuangMing.log
12-02-JW_GuangMing.log
12-03-JW_GuangMing.log
12-04-JW_GuangMing.log
12-05-JW_GuangMing.log
12-06-JW_GuangMing.log
12-07-JW_GuangMing.log
12-08-JW_GuangMing.log
12-09-JW_GuangMing.log
12-10-JW_GuangMing.log
12-11-JW_GuangMing.log
12-12-JW_GuangMing.log
12-13-JW_GuangMing.log
12-14-JW_GuangMing.log
12-15-JW_GuangMing.log
12-16-JW_GuangMing.log
12-17-JW_GuangMing.log
12-18-JW_GuangMing.log
12-19-JW_GuangMing.log
12-20-JW_GuangMing.log
12-21-JW_GuangMing.log
12-22-JW_GuangMing.log
12-23-JW_GuangMing.log
12-24-JW_GuangMing.log
12-25-JW_GuangMing.log
12-26-JW_GuangMing.log
12-27-JW_GuangMing.log
12-28-JW_GuangMing.log
12-29-JW_GuangMing.log
12-30-JW_GuangMing.log
12-31-JW_GuangMing.log
